2026-04-08 16:02:39.979833: Test triggered
2026-04-08 16:04:38.566151: Test triggered
